<x86-workspace>/dsc-systemc-lab/.work/circt-min-repros/function_control.systemc.mlir:10:12: error: no emission pattern found for 'systemc.convert'

      %1 = systemc.convert %0 : (!systemc.uint<17>) -> i17
           ^
<x86-workspace>/dsc-systemc-lab/.work/circt-min-repros/function_control.systemc.mlir:12:12: error: no emission pattern found for 'systemc.convert'

      %3 = systemc.convert %2 : (!systemc.uint<17>) -> i17
           ^
<x86-workspace>/dsc-systemc-lab/.work/circt-min-repros/function_control.systemc.mlir:13:12: error: no emission pattern found for 'comb.icmp'

      %4 = comb.icmp ult %1, %3 : i17
           ^
<x86-workspace>/dsc-systemc-lab/.work/circt-min-repros/function_control.systemc.mlir:14:12: error: no emission pattern found for 'comb.mux'

      %5 = comb.mux %4, %1, %3 : i17
           ^
<x86-workspace>/dsc-systemc-lab/.work/circt-min-repros/function_control.systemc.mlir:15:12: error: no emission pattern found for 'systemc.convert'

      %6 = systemc.convert %5 : (i17) -> !systemc.uint<17>
           ^
<x86-workspace>/dsc-systemc-lab/.work/circt-min-repros/function_control.systemc.mlir:15:12: error: inlining not supported for value '%7 = "systemc.convert"(%6) : (i17) -> !systemc.uint<17>'

      %6 = systemc.convert %5 : (i17) -> !systemc.uint<17>
           ^
<x86-workspace>/dsc-systemc-lab/.work/circt-min-repros/function_control.systemc.mlir:3:3: note: requested to be inlined here
  systemc.module @function_control (%lhs: !systemc.in<!systemc.uint<17>>, %rhs: !systemc.in<!systemc.uint<17>>, %result: !systemc.out<!systemc.uint<17>>) {
  ^
